// Jest Snapshot v1, https://goo.gl/fbAQLP

exports[`CodeCopier Component renders correctly 1`] = `
ShallowWrapper {
  "length": 1,
  Symbol(enzyme.__root__): [Circular],
  Symbol(enzyme.__unrendered__): <CodeCopier
    code="fnh4y"
  />,
  Symbol(enzyme.__renderer__): Object {
    "batchedUpdates": [Function],
    "getNode": [Function],
    "render": [Function],
    "simulateEvent": [Function],
    "unmount": [Function],
  },
  Symbol(enzyme.__node__): Object {
    "instance": null,
    "key": undefined,
    "nodeType": "host",
    "props": Object {
      "children": <div
        className="code-copier"
      >
        <CopyToClipboard
          onCopy={[Function]}
          text="fnh4y"
        >
          <div
            className="code-copier--code "
          >
            fnh4y
          </div>
        </CopyToClipboard>
        <div
          className="code-copier--info"
        >
          <span
            className="info--how-to"
          >
            click to copy
          </span>
        </div>
      </div>,
      "className": "col-12 col-sm-6 col-md-4 col-lg-3	",
    },
    "ref": null,
    "rendered": Object {
      "instance": null,
      "key": undefined,
      "nodeType": "host",
      "props": Object {
        "children": Array [
          <CopyToClipboard
            onCopy={[Function]}
            text="fnh4y"
          >
            <div
              className="code-copier--code "
            >
              fnh4y
            </div>
          </CopyToClipboard>,
          <div
            className="code-copier--info"
          >
            <span
              className="info--how-to"
            >
              click to copy
            </span>
          </div>,
        ],
        "className": "code-copier",
      },
      "ref": null,
      "rendered": Array [
        Object {
          "instance": null,
          "key": undefined,
          "nodeType": "class",
          "props": Object {
            "children": <div
              className="code-copier--code "
            >
              fnh4y
            </div>,
            "onCopy": [Function],
            "options": undefined,
            "text": "fnh4y",
          },
          "ref": null,
          "rendered": Object {
            "instance": null,
            "key": undefined,
            "nodeType": "host",
            "props": Object {
              "children": "fnh4y",
              "className": "code-copier--code ",
            },
            "ref": null,
            "rendered": "fnh4y",
            "type": "div",
          },
          "type": [Function],
        },
        Object {
          "instance": null,
          "key": undefined,
          "nodeType": "host",
          "props": Object {
            "children": Array [
              <span
                className="info--how-to"
              >
                click to copy
              </span>,
              false,
            ],
            "className": "code-copier--info",
          },
          "ref": null,
          "rendered": Array [
            Object {
              "instance": null,
              "key": undefined,
              "nodeType": "host",
              "props": Object {
                "children": "click to copy",
                "className": "info--how-to",
              },
              "ref": null,
              "rendered": "click to copy",
              "type": "span",
            },
            false,
          ],
          "type": "div",
        },
      ],
      "type": "div",
    },
    "type": "div",
  },
  Symbol(enzyme.__nodes__): Array [
    Object {
      "instance": null,
      "key": undefined,
      "nodeType": "host",
      "props": Object {
        "children": <div
          className="code-copier"
        >
          <CopyToClipboard
            onCopy={[Function]}
            text="fnh4y"
          >
            <div
              className="code-copier--code "
            >
              fnh4y
            </div>
          </CopyToClipboard>
          <div
            className="code-copier--info"
          >
            <span
              className="info--how-to"
            >
              click to copy
            </span>
          </div>
        </div>,
        "className": "col-12 col-sm-6 col-md-4 col-lg-3	",
      },
      "ref": null,
      "rendered": Object {
        "instance": null,
        "key": undefined,
        "nodeType": "host",
        "props": Object {
          "children": Array [
            <CopyToClipboard
              onCopy={[Function]}
              text="fnh4y"
            >
              <div
                className="code-copier--code "
              >
                fnh4y
              </div>
            </CopyToClipboard>,
            <div
              className="code-copier--info"
            >
              <span
                className="info--how-to"
              >
                click to copy
              </span>
            </div>,
          ],
          "className": "code-copier",
        },
        "ref": null,
        "rendered": Array [
          Object {
            "instance": null,
            "key": undefined,
            "nodeType": "class",
            "props": Object {
              "children": <div
                className="code-copier--code "
              >
                fnh4y
              </div>,
              "onCopy": [Function],
              "options": undefined,
              "text": "fnh4y",
            },
            "ref": null,
            "rendered": Object {
              "instance": null,
              "key": undefined,
              "nodeType": "host",
              "props": Object {
                "children": "fnh4y",
                "className": "code-copier--code ",
              },
              "ref": null,
              "rendered": "fnh4y",
              "type": "div",
            },
            "type": [Function],
          },
          Object {
            "instance": null,
            "key": undefined,
            "nodeType": "host",
            "props": Object {
              "children": Array [
                <span
                  className="info--how-to"
                >
                  click to copy
                </span>,
                false,
              ],
              "className": "code-copier--info",
            },
            "ref": null,
            "rendered": Array [
              Object {
                "instance": null,
                "key": undefined,
                "nodeType": "host",
                "props": Object {
                  "children": "click to copy",
                  "className": "info--how-to",
                },
                "ref": null,
                "rendered": "click to copy",
                "type": "span",
              },
              false,
            ],
            "type": "div",
          },
        ],
        "type": "div",
      },
      "type": "div",
    },
  ],
  Symbol(enzyme.__options__): Object {
    "adapter": ReactSixteenAdapter {
      "options": Object {
        "enableComponentDidUpdateOnSetState": true,
      },
    },
  },
}
`;
