// Jest Snapshot v1, https://goo.gl/fbAQLP

exports[`Pagination Component renders correctly 1`] = `
ShallowWrapper {
  "length": 1,
  Symbol(enzyme.__root__): [Circular],
  Symbol(enzyme.__unrendered__): <Pagination
    nextPageAvailable={true}
    onChange={[Function]}
    page={1}
    setPageFilter={[Function]}
  />,
  Symbol(enzyme.__renderer__): Object {
    "batchedUpdates": [Function],
    "getNode": [Function],
    "render": [Function],
    "simulateEvent": [Function],
    "unmount": [Function],
  },
  Symbol(enzyme.__node__): Object {
    "instance": null,
    "key": undefined,
    "nodeType": "host",
    "props": Object {
      "children": <div
        className="row"
      >
        <div
          className="col-6"
        >
          <button
            className="pagination--button pagination--button--previous"
            disabled={true}
            onClick={[Function]}
          >
            Previous
          </button>
        </div>
        <div
          className="col-6"
        >
          <button
            className="pagination--button pagination--button--next"
            disabled={false}
            onClick={[Function]}
          >
            Next
          </button>
        </div>
      </div>,
      "className": "container-fluid pagination",
    },
    "ref": null,
    "rendered": Object {
      "instance": null,
      "key": undefined,
      "nodeType": "host",
      "props": Object {
        "children": Array [
          <div
            className="col-6"
          >
            <button
              className="pagination--button pagination--button--previous"
              disabled={true}
              onClick={[Function]}
            >
              Previous
            </button>
          </div>,
          <div
            className="col-6"
          >
            <button
              className="pagination--button pagination--button--next"
              disabled={false}
              onClick={[Function]}
            >
              Next
            </button>
          </div>,
        ],
        "className": "row",
      },
      "ref": null,
      "rendered": Array [
        Object {
          "instance": null,
          "key": undefined,
          "nodeType": "host",
          "props": Object {
            "children": <button
              className="pagination--button pagination--button--previous"
              disabled={true}
              onClick={[Function]}
            >
              Previous
            </button>,
            "className": "col-6",
          },
          "ref": null,
          "rendered": Object {
            "instance": null,
            "key": undefined,
            "nodeType": "host",
            "props": Object {
              "children": "Previous",
              "className": "pagination--button pagination--button--previous",
              "disabled": true,
              "onClick": [Function],
            },
            "ref": null,
            "rendered": "Previous",
            "type": "button",
          },
          "type": "div",
        },
        Object {
          "instance": null,
          "key": undefined,
          "nodeType": "host",
          "props": Object {
            "children": <button
              className="pagination--button pagination--button--next"
              disabled={false}
              onClick={[Function]}
            >
              Next
            </button>,
            "className": "col-6",
          },
          "ref": null,
          "rendered": Object {
            "instance": null,
            "key": undefined,
            "nodeType": "host",
            "props": Object {
              "children": "Next",
              "className": "pagination--button pagination--button--next",
              "disabled": false,
              "onClick": [Function],
            },
            "ref": null,
            "rendered": "Next",
            "type": "button",
          },
          "type": "div",
        },
      ],
      "type": "div",
    },
    "type": "div",
  },
  Symbol(enzyme.__nodes__): Array [
    Object {
      "instance": null,
      "key": undefined,
      "nodeType": "host",
      "props": Object {
        "children": <div
          className="row"
        >
          <div
            className="col-6"
          >
            <button
              className="pagination--button pagination--button--previous"
              disabled={true}
              onClick={[Function]}
            >
              Previous
            </button>
          </div>
          <div
            className="col-6"
          >
            <button
              className="pagination--button pagination--button--next"
              disabled={false}
              onClick={[Function]}
            >
              Next
            </button>
          </div>
        </div>,
        "className": "container-fluid pagination",
      },
      "ref": null,
      "rendered": Object {
        "instance": null,
        "key": undefined,
        "nodeType": "host",
        "props": Object {
          "children": Array [
            <div
              className="col-6"
            >
              <button
                className="pagination--button pagination--button--previous"
                disabled={true}
                onClick={[Function]}
              >
                Previous
              </button>
            </div>,
            <div
              className="col-6"
            >
              <button
                className="pagination--button pagination--button--next"
                disabled={false}
                onClick={[Function]}
              >
                Next
              </button>
            </div>,
          ],
          "className": "row",
        },
        "ref": null,
        "rendered": Array [
          Object {
            "instance": null,
            "key": undefined,
            "nodeType": "host",
            "props": Object {
              "children": <button
                className="pagination--button pagination--button--previous"
                disabled={true}
                onClick={[Function]}
              >
                Previous
              </button>,
              "className": "col-6",
            },
            "ref": null,
            "rendered": Object {
              "instance": null,
              "key": undefined,
              "nodeType": "host",
              "props": Object {
                "children": "Previous",
                "className": "pagination--button pagination--button--previous",
                "disabled": true,
                "onClick": [Function],
              },
              "ref": null,
              "rendered": "Previous",
              "type": "button",
            },
            "type": "div",
          },
          Object {
            "instance": null,
            "key": undefined,
            "nodeType": "host",
            "props": Object {
              "children": <button
                className="pagination--button pagination--button--next"
                disabled={false}
                onClick={[Function]}
              >
                Next
              </button>,
              "className": "col-6",
            },
            "ref": null,
            "rendered": Object {
              "instance": null,
              "key": undefined,
              "nodeType": "host",
              "props": Object {
                "children": "Next",
                "className": "pagination--button pagination--button--next",
                "disabled": false,
                "onClick": [Function],
              },
              "ref": null,
              "rendered": "Next",
              "type": "button",
            },
            "type": "div",
          },
        ],
        "type": "div",
      },
      "type": "div",
    },
  ],
  Symbol(enzyme.__options__): Object {
    "adapter": ReactSixteenAdapter {
      "options": Object {
        "enableComponentDidUpdateOnSetState": true,
      },
    },
  },
}
`;
